// Jest Snapshot v1, https://goo.gl/fbAQLP

exports[`can add javascript file component 1`] = `
"// ~~ Generated by projen. To modify, edit .projenrc.js and run \\"npx projen\\".
console.log('Hello World');
"
`;

exports[`can add javascript file component with various options 1`] = `
"// ~~ Generated by projen. To modify, edit .projenrc.js and run \\"npx projen\\".
console.log('Hello World');

const greeting = ((name) => {
  return \`Hello \${name}\`;
})(\`my-project\`);
// do a log

console.log(greeting);

// did a log
"
`;
